2026-08-27 19:15:08,403 - INFO - Starting Voucher Approval Utility...
2026-08-27 19:15:27,258 - INFO - Approved voucher GM4370 (5696) for 2210.0
2026-08-27 19:28:00,358 - INFO - Application shutting down by user...
2026-08-27 19:28:05,016 - INFO - Starting Voucher Approval Utility...
2026-08-27 19:28:07,209 - ERROR - BFE Connection Lost during fetch: (-2147352567, 'Exception occurred.', (0, 'Microsoft JET Database Engine', 'No value given for one or more required parameters.', None, 5000000, -2147217904), None)
2026-08-27 19:28:08,795 - ERROR - BFE Connection Lost during fetch: (-2147352567, 'Exception occurred.', (0, 'Microsoft JET Database Engine', 'No value given for one or more required parameters.', None, 5000000, -2147217904), None)
2026-08-27 19:28:10,348 - ERROR - BFE Connection Lost during fetch: (-2147352567, 'Exception occurred.', (0, 'Microsoft JET Database Engine', 'No value given for one or more required parameters.', None, 5000000, -2147217904), None)
2026-08-27 19:28:11,921 - ERROR - BFE Connection Lost during fetch: (-2147352567, 'Exception occurred.', (0, 'Microsoft JET Database Engine', 'No value given for one or more required parameters.', None, 5000000, -2147217904), None)
2026-08-27 19:28:13,435 - ERROR - BFE Connection Lost during fetch: (-2147352567, 'Exception occurred.', (0, 'Microsoft JET Database Engine', 'No value given for one or more required parameters.', None, 5000000, -2147217904), None)
2026-08-27 19:28:15,534 - ERROR - BFE Connection Lost during fetch: (-2147352567, 'Exception occurred.', (0, 'Microsoft JET Database Engine', 'No value given for one or more required parameters.', None, 5000000, -2147217904), None)
2026-08-27 19:28:18,036 - ERROR - BFE Connection Lost during fetch: (-2147352567, 'Exception occurred.', (0, 'Microsoft JET Database Engine', 'No value given for one or more required parameters.', None, 5000000, -2147217904), None)
2026-08-27 19:28:19,676 - ERROR - BFE Connection Lost during fetch: (-2147352567, 'Exception occurred.', (0, 'Microsoft JET Database Engine', 'No value given for one or more required parameters.', None, 5000000, -2147217904), None)
2026-08-27 19:28:21,156 - ERROR - BFE Connection Lost during fetch: (-2147352567, 'Exception occurred.', (0, 'Microsoft JET Database Engine', 'No value given for one or more required parameters.', None, 5000000, -2147217904), None)
2026-08-27 19:28:22,637 - ERROR - BFE Connection Lost during fetch: (-2147352567, 'Exception occurred.', (0, 'Microsoft JET Database Engine', 'No value given for one or more required parameters.', None, 5000000, -2147217904), None)
2026-08-27 19:28:24,089 - ERROR - BFE Connection Lost during fetch: (-2147352567, 'Exception occurred.', (0, 'Microsoft JET Database Engine', 'No value given for one or more required parameters.', None, 5000000, -2147217904), None)
2026-08-27 19:28:25,575 - ERROR - BFE Connection Lost during fetch: (-2147352567, 'Exception occurred.', (0, 'Microsoft JET Database Engine', 'No value given for one or more required parameters.', None, 5000000, -2147217904), None)
2026-08-27 19:28:27,031 - ERROR - BFE Connection Lost during fetch: (-2147352567, 'Exception occurred.', (0, 'Microsoft JET Database Engine', 'No value given for one or more required parameters.', None, 5000000, -2147217904), None)
2026-08-27 19:28:28,526 - ERROR - BFE Connection Lost during fetch: (-2147352567, 'Exception occurred.', (0, 'Microsoft JET Database Engine', 'No value given for one or more required parameters.', None, 5000000, -2147217904), None)
2026-08-27 19:28:30,033 - ERROR - BFE Connection Lost during fetch: (-2147352567, 'Exception occurred.', (0, 'Microsoft JET Database Engine', 'No value given for one or more required parameters.', None, 5000000, -2147217904), None)
2026-08-27 19:28:31,552 - ERROR - BFE Connection Lost during fetch: (-2147352567, 'Exception occurred.', (0, 'Microsoft JET Database Engine', 'No value given for one or more required parameters.', None, 5000000, -2147217904), None)
2026-08-27 19:28:33,245 - ERROR - BFE Connection Lost during fetch: (-2147352567, 'Exception occurred.', (0, 'Microsoft JET Database Engine', 'No value given for one or more required parameters.', None, 5000000, -2147217904), None)
2026-08-27 19:28:35,417 - ERROR - BFE Connection Lost during fetch: (-2147352567, 'Exception occurred.', (0, 'Microsoft JET Database Engine', 'No value given for one or more required parameters.', None, 5000000, -2147217904), None)
2026-08-27 19:28:40,426 - ERROR - BFE Connection Lost during fetch: (-2147352567, 'Exception occurred.', (0, 'Microsoft JET Database Engine', 'No value given for one or more required parameters.', None, 5000000, -2147217904), None)
2026-08-27 19:28:42,543 - ERROR - BFE Connection Lost during fetch: (-2147352567, 'Exception occurred.', (0, 'Microsoft JET Database Engine', 'No value given for one or more required parameters.', None, 5000000, -2147217904), None)
2026-08-27 19:28:44,012 - ERROR - BFE Connection Lost during fetch: (-2147352567, 'Exception occurred.', (0, 'Microsoft JET Database Engine', 'No value given for one or more required parameters.', None, 5000000, -2147217904), None)
2026-08-27 19:28:45,487 - ERROR - BFE Connection Lost during fetch: (-2147352567, 'Exception occurred.', (0, 'Microsoft JET Database Engine', 'No value given for one or more required parameters.', None, 5000000, -2147217904), None)
2026-08-27 19:28:46,940 - ERROR - BFE Connection Lost during fetch: (-2147352567, 'Exception occurred.', (0, 'Microsoft JET Database Engine', 'No value given for one or more required parameters.', None, 5000000, -2147217904), None)
2026-08-27 19:28:48,424 - ERROR - BFE Connection Lost during fetch: (-2147352567, 'Exception occurred.', (0, 'Microsoft JET Database Engine', 'No value given for one or more required parameters.', None, 5000000, -2147217904), None)
2026-08-27 19:28:49,900 - ERROR - BFE Connection Lost during fetch: (-2147352567, 'Exception occurred.', (0, 'Microsoft JET Database Engine', 'No value given for one or more required parameters.', None, 5000000, -2147217904), None)
2026-08-27 19:28:51,169 - ERROR - BFE Connection Lost during fetch: (-2147352567, 'Exception occurred.', (0, 'Microsoft JET Database Engine', 'No value given for one or more required parameters.', None, 5000000, -2147217904), None)
2026-08-27 19:28:52,873 - ERROR - BFE Connection Lost during fetch: (-2147352567, 'Exception occurred.', (0, 'Microsoft JET Database Engine', 'No value given for one or more required parameters.', None, 5000000, -2147217904), None)
2026-08-27 19:28:54,402 - ERROR - BFE Connection Lost during fetch: (-2147352567, 'Exception occurred.', (0, 'Microsoft JET Database Engine', 'No value given for one or more required parameters.', None, 5000000, -2147217904), None)
2026-08-27 19:28:56,721 - ERROR - BFE Connection Lost during fetch: (-2147352567, 'Exception occurred.', (0, 'Microsoft JET Database Engine', 'No value given for one or more required parameters.', None, 5000000, -2147217904), None)
2026-08-27 19:29:01,467 - ERROR - BFE Connection Lost during fetch: (-2147352567, 'Exception occurred.', (0, 'Microsoft JET Database Engine', 'No value given for one or more required parameters.', None, 5000000, -2147217904), None)
2026-08-27 19:29:03,074 - ERROR - BFE Connection Lost during fetch: (-2147352567, 'Exception occurred.', (0, 'Microsoft JET Database Engine', 'No value given for one or more required parameters.', None, 5000000, -2147217904), None)
2026-08-27 19:29:04,565 - ERROR - BFE Connection Lost during fetch: (-2147352567, 'Exception occurred.', (0, 'Microsoft JET Database Engine', 'No value given for one or more required parameters.', None, 5000000, -2147217904), None)
2026-08-27 19:29:06,028 - ERROR - BFE Connection Lost during fetch: (-2147352567, 'Exception occurred.', (0, 'Microsoft JET Database Engine', 'No value given for one or more required parameters.', None, 5000000, -2147217904), None)
2026-08-27 19:29:07,497 - ERROR - BFE Connection Lost during fetch: (-2147352567, 'Exception occurred.', (0, 'Microsoft JET Database Engine', 'No value given for one or more required parameters.', None, 5000000, -2147217904), None)
2026-08-27 19:29:08,990 - ERROR - BFE Connection Lost during fetch: (-2147352567, 'Exception occurred.', (0, 'Microsoft JET Database Engine', 'No value given for one or more required parameters.', None, 5000000, -2147217904), None)
2026-08-27 19:29:09,417 - INFO - Application shutting down by user...
2026-08-28 14:34:22,077 - INFO - Starting Voucher Approval Utility...
2026-08-28 14:34:24,993 - ERROR - BFE Connection Lost during fetch: (-2147352567, 'Exception occurred.', (0, 'Microsoft JET Database Engine', 'No value given for one or more required parameters.', None, 5000000, -2147217904), None)
2026-08-28 14:34:26,355 - ERROR - BFE Connection Lost during fetch: (-2147352567, 'Exception occurred.', (0, 'Microsoft JET Database Engine', 'No value given for one or more required parameters.', None, 5000000, -2147217904), None)
2026-08-28 14:34:27,701 - ERROR - BFE Connection Lost during fetch: (-2147352567, 'Exception occurred.', (0, 'Microsoft JET Database Engine', 'No value given for one or more required parameters.', None, 5000000, -2147217904), None)
2026-08-28 14:34:29,049 - ERROR - BFE Connection Lost during fetch: (-2147352567, 'Exception occurred.', (0, 'Microsoft JET Database Engine', 'No value given for one or more required parameters.', None, 5000000, -2147217904), None)
2026-08-28 14:34:30,050 - INFO - Application shutting down by user...
2026-08-28 14:34:42,156 - INFO - Starting Voucher Approval Utility...
2026-08-28 14:34:44,083 - ERROR - BFE Connection Lost during fetch: (-2147352567, 'Exception occurred.', (0, 'Microsoft JET Database Engine', 'No value given for one or more required parameters.', None, 5000000, -2147217904), None)
2026-08-28 14:34:44,506 - INFO - Application shutting down by user...
2026-08-28 14:58:36,228 - INFO - Starting Voucher Approval Utility...
2026-08-28 14:58:38,221 - ERROR - BFE Connection Lost during fetch: (-2147352567, 'Exception occurred.', (0, 'Microsoft JET Database Engine', 'No value given for one or more required parameters.', None, 5000000, -2147217904), None)
2026-08-28 14:58:39,762 - ERROR - BFE Connection Lost during fetch: (-2147352567, 'Exception occurred.', (0, 'Microsoft JET Database Engine', 'No value given for one or more required parameters.', None, 5000000, -2147217904), None)
2026-08-28 14:58:41,174 - ERROR - BFE Connection Lost during fetch: (-2147352567, 'Exception occurred.', (0, 'Microsoft JET Database Engine', 'No value given for one or more required parameters.', None, 5000000, -2147217904), None)
2026-08-28 14:58:42,650 - ERROR - BFE Connection Lost during fetch: (-2147352567, 'Exception occurred.', (0, 'Microsoft JET Database Engine', 'No value given for one or more required parameters.', None, 5000000, -2147217904), None)
2026-08-28 14:58:44,096 - ERROR - BFE Connection Lost during fetch: (-2147352567, 'Exception occurred.', (0, 'Microsoft JET Database Engine', 'No value given for one or more required parameters.', None, 5000000, -2147217904), None)
2026-08-28 14:58:45,570 - ERROR - BFE Connection Lost during fetch: (-2147352567, 'Exception occurred.', (0, 'Microsoft JET Database Engine', 'No value given for one or more required parameters.', None, 5000000, -2147217904), None)
2026-08-28 14:58:47,048 - ERROR - BFE Connection Lost during fetch: (-2147352567, 'Exception occurred.', (0, 'Microsoft JET Database Engine', 'No value given for one or more required parameters.', None, 5000000, -2147217904), None)
2026-08-28 14:58:48,506 - ERROR - BFE Connection Lost during fetch: (-2147352567, 'Exception occurred.', (0, 'Microsoft JET Database Engine', 'No value given for one or more required parameters.', None, 5000000, -2147217904), None)
2026-08-28 14:58:49,936 - ERROR - BFE Connection Lost during fetch: (-2147352567, 'Exception occurred.', (0, 'Microsoft JET Database Engine', 'No value given for one or more required parameters.', None, 5000000, -2147217904), None)
2026-08-28 14:58:51,397 - ERROR - BFE Connection Lost during fetch: (-2147352567, 'Exception occurred.', (0, 'Microsoft JET Database Engine', 'No value given for one or more required parameters.', None, 5000000, -2147217904), None)
2026-08-28 14:58:52,903 - ERROR - BFE Connection Lost during fetch: (-2147352567, 'Exception occurred.', (0, 'Microsoft JET Database Engine', 'No value given for one or more required parameters.', None, 5000000, -2147217904), None)
2026-08-28 14:58:54,467 - ERROR - BFE Connection Lost during fetch: (-2147352567, 'Exception occurred.', (0, 'Microsoft JET Database Engine', 'No value given for one or more required parameters.', None, 5000000, -2147217904), None)
2026-08-28 14:58:55,994 - ERROR - BFE Connection Lost during fetch: (-2147352567, 'Exception occurred.', (0, 'Microsoft JET Database Engine', 'No value given for one or more required parameters.', None, 5000000, -2147217904), None)
2026-08-28 14:58:57,479 - ERROR - BFE Connection Lost during fetch: (-2147352567, 'Exception occurred.', (0, 'Microsoft JET Database Engine', 'No value given for one or more required parameters.', None, 5000000, -2147217904), None)
2026-08-28 14:58:59,112 - ERROR - BFE Connection Lost during fetch: (-2147352567, 'Exception occurred.', (0, 'Microsoft JET Database Engine', 'No value given for one or more required parameters.', None, 5000000, -2147217904), None)
2026-08-28 14:59:00,694 - ERROR - BFE Connection Lost during fetch: (-2147352567, 'Exception occurred.', (0, 'Microsoft JET Database Engine', 'No value given for one or more required parameters.', None, 5000000, -2147217904), None)
2026-08-28 14:59:02,613 - ERROR - BFE Connection Lost during fetch: (-2147352567, 'Exception occurred.', (0, 'Microsoft JET Database Engine', 'No value given for one or more required parameters.', None, 5000000, -2147217904), None)
2026-08-28 14:59:04,403 - ERROR - BFE Connection Lost during fetch: (-2147352567, 'Exception occurred.', (0, 'Microsoft JET Database Engine', 'No value given for one or more required parameters.', None, 5000000, -2147217904), None)
2026-08-28 14:59:05,947 - ERROR - BFE Connection Lost during fetch: (-2147352567, 'Exception occurred.', (0, 'Microsoft JET Database Engine', 'No value given for one or more required parameters.', None, 5000000, -2147217904), None)
2026-08-28 14:59:07,517 - ERROR - BFE Connection Lost during fetch: (-2147352567, 'Exception occurred.', (0, 'Microsoft JET Database Engine', 'No value given for one or more required parameters.', None, 5000000, -2147217904), None)
2026-08-28 14:59:08,953 - ERROR - BFE Connection Lost during fetch: (-2147352567, 'Exception occurred.', (0, 'Microsoft JET Database Engine', 'No value given for one or more required parameters.', None, 5000000, -2147217904), None)
2026-08-28 14:59:10,378 - ERROR - BFE Connection Lost during fetch: (-2147352567, 'Exception occurred.', (0, 'Microsoft JET Database Engine', 'No value given for one or more required parameters.', None, 5000000, -2147217904), None)
2026-08-28 14:59:11,870 - ERROR - BFE Connection Lost during fetch: (-2147352567, 'Exception occurred.', (0, 'Microsoft JET Database Engine', 'No value given for one or more required parameters.', None, 5000000, -2147217904), None)
2026-08-28 14:59:13,348 - ERROR - BFE Connection Lost during fetch: (-2147352567, 'Exception occurred.', (0, 'Microsoft JET Database Engine', 'No value given for one or more required parameters.', None, 5000000, -2147217904), None)
2026-08-28 14:59:14,815 - ERROR - BFE Connection Lost during fetch: (-2147352567, 'Exception occurred.', (0, 'Microsoft JET Database Engine', 'No value given for one or more required parameters.', None, 5000000, -2147217904), None)
2026-08-28 14:59:16,233 - ERROR - BFE Connection Lost during fetch: (-2147352567, 'Exception occurred.', (0, 'Microsoft JET Database Engine', 'No value given for one or more required parameters.', None, 5000000, -2147217904), None)
2026-08-28 14:59:17,697 - ERROR - BFE Connection Lost during fetch: (-2147352567, 'Exception occurred.', (0, 'Microsoft JET Database Engine', 'No value given for one or more required parameters.', None, 5000000, -2147217904), None)
2026-08-28 14:59:19,144 - ERROR - BFE Connection Lost during fetch: (-2147352567, 'Exception occurred.', (0, 'Microsoft JET Database Engine', 'No value given for one or more required parameters.', None, 5000000, -2147217904), None)
2026-08-28 14:59:20,619 - ERROR - BFE Connection Lost during fetch: (-2147352567, 'Exception occurred.', (0, 'Microsoft JET Database Engine', 'No value given for one or more required parameters.', None, 5000000, -2147217904), None)
2026-08-28 14:59:22,057 - ERROR - BFE Connection Lost during fetch: (-2147352567, 'Exception occurred.', (0, 'Microsoft JET Database Engine', 'No value given for one or more required parameters.', None, 5000000, -2147217904), None)
2026-08-28 14:59:23,495 - ERROR - BFE Connection Lost during fetch: (-2147352567, 'Exception occurred.', (0, 'Microsoft JET Database Engine', 'No value given for one or more required parameters.', None, 5000000, -2147217904), None)
2026-08-28 14:59:24,922 - ERROR - BFE Connection Lost during fetch: (-2147352567, 'Exception occurred.', (0, 'Microsoft JET Database Engine', 'No value given for one or more required parameters.', None, 5000000, -2147217904), None)
2026-08-28 14:59:26,403 - ERROR - BFE Connection Lost during fetch: (-2147352567, 'Exception occurred.', (0, 'Microsoft JET Database Engine', 'No value given for one or more required parameters.', None, 5000000, -2147217904), None)
2026-08-28 14:59:27,950 - ERROR - BFE Connection Lost during fetch: (-2147352567, 'Exception occurred.', (0, 'Microsoft JET Database Engine', 'No value given for one or more required parameters.', None, 5000000, -2147217904), None)
2026-08-28 14:59:29,575 - ERROR - BFE Connection Lost during fetch: (-2147352567, 'Exception occurred.', (0, 'Microsoft JET Database Engine', 'No value given for one or more required parameters.', None, 5000000, -2147217904), None)
2026-08-28 14:59:30,953 - ERROR - BFE Connection Lost during fetch: (-2147352567, 'Exception occurred.', (0, 'Microsoft JET Database Engine', 'No value given for one or more required parameters.', None, 5000000, -2147217904), None)
2026-08-28 14:59:32,637 - ERROR - BFE Connection Lost during fetch: (-2147352567, 'Exception occurred.', (0, 'Microsoft JET Database Engine', 'No value given for one or more required parameters.', None, 5000000, -2147217904), None)
2026-08-28 14:59:34,084 - ERROR - BFE Connection Lost during fetch: (-2147352567, 'Exception occurred.', (0, 'Microsoft JET Database Engine', 'No value given for one or more required parameters.', None, 5000000, -2147217904), None)
2026-08-28 14:59:35,525 - ERROR - BFE Connection Lost during fetch: (-2147352567, 'Exception occurred.', (0, 'Microsoft JET Database Engine', 'No value given for one or more required parameters.', None, 5000000, -2147217904), None)
2026-08-28 14:59:36,988 - ERROR - BFE Connection Lost during fetch: (-2147352567, 'Exception occurred.', (0, 'Microsoft JET Database Engine', 'No value given for one or more required parameters.', None, 5000000, -2147217904), None)
2026-08-28 14:59:38,460 - ERROR - BFE Connection Lost during fetch: (-2147352567, 'Exception occurred.', (0, 'Microsoft JET Database Engine', 'No value given for one or more required parameters.', None, 5000000, -2147217904), None)
2026-08-28 14:59:39,930 - ERROR - BFE Connection Lost during fetch: (-2147352567, 'Exception occurred.', (0, 'Microsoft JET Database Engine', 'No value given for one or more required parameters.', None, 5000000, -2147217904), None)
2026-08-28 14:59:41,422 - ERROR - BFE Connection Lost during fetch: (-2147352567, 'Exception occurred.', (0, 'Microsoft JET Database Engine', 'No value given for one or more required parameters.', None, 5000000, -2147217904), None)
2026-08-28 14:59:42,658 - ERROR - BFE Connection Lost during fetch: (-2147352567, 'Exception occurred.', (0, 'Microsoft JET Database Engine', 'No value given for one or more required parameters.', None, 5000000, -2147217904), None)
2026-08-28 14:59:44,973 - ERROR - BFE Connection Lost during fetch: (-2147352567, 'Exception occurred.', (0, 'Microsoft JET Database Engine', 'No value given for one or more required parameters.', None, 5000000, -2147217904), None)
2026-08-28 14:59:48,657 - ERROR - BFE Connection Lost during fetch: (-2147352567, 'Exception occurred.', (0, 'Microsoft JET Database Engine', 'No value given for one or more required parameters.', None, 5000000, -2147217904), None)
2026-08-28 14:59:52,197 - ERROR - BFE Connection Lost during fetch: (-2147352567, 'Exception occurred.', (0, 'Microsoft JET Database Engine', 'No value given for one or more required parameters.', None, 5000000, -2147217904), None)
2026-08-28 14:59:53,681 - ERROR - BFE Connection Lost during fetch: (-2147352567, 'Exception occurred.', (0, 'Microsoft JET Database Engine', 'No value given for one or more required parameters.', None, 5000000, -2147217904), None)
2026-08-28 14:59:55,109 - ERROR - BFE Connection Lost during fetch: (-2147352567, 'Exception occurred.', (0, 'Microsoft JET Database Engine', 'No value given for one or more required parameters.', None, 5000000, -2147217904), None)
2026-08-28 14:59:56,536 - ERROR - BFE Connection Lost during fetch: (-2147352567, 'Exception occurred.', (0, 'Microsoft JET Database Engine', 'No value given for one or more required parameters.', None, 5000000, -2147217904), None)
2026-08-28 14:59:57,981 - ERROR - BFE Connection Lost during fetch: (-2147352567, 'Exception occurred.', (0, 'Microsoft JET Database Engine', 'No value given for one or more required parameters.', None, 5000000, -2147217904), None)
2026-08-28 14:59:59,414 - ERROR - BFE Connection Lost during fetch: (-2147352567, 'Exception occurred.', (0, 'Microsoft JET Database Engine', 'No value given for one or more required parameters.', None, 5000000, -2147217904), None)
2026-08-28 15:00:00,860 - ERROR - BFE Connection Lost during fetch: (-2147352567, 'Exception occurred.', (0, 'Microsoft JET Database Engine', 'No value given for one or more required parameters.', None, 5000000, -2147217904), None)
2026-08-28 15:00:02,339 - ERROR - BFE Connection Lost during fetch: (-2147352567, 'Exception occurred.', (0, 'Microsoft JET Database Engine', 'No value given for one or more required parameters.', None, 5000000, -2147217904), None)
2026-08-28 15:00:04,027 - ERROR - BFE Connection Lost during fetch: (-2147352567, 'Exception occurred.', (0, 'Microsoft JET Database Engine', 'No value given for one or more required parameters.', None, 5000000, -2147217904), None)
2026-08-28 15:00:05,570 - ERROR - BFE Connection Lost during fetch: (-2147352567, 'Exception occurred.', (0, 'Microsoft JET Database Engine', 'No value given for one or more required parameters.', None, 5000000, -2147217904), None)
2026-08-28 15:00:07,254 - ERROR - BFE Connection Lost during fetch: (-2147352567, 'Exception occurred.', (0, 'Microsoft JET Database Engine', 'No value given for one or more required parameters.', None, 5000000, -2147217904), None)
2026-08-28 15:00:09,016 - ERROR - BFE Connection Lost during fetch: (-2147352567, 'Exception occurred.', (0, 'Microsoft JET Database Engine', 'No value given for one or more required parameters.', None, 5000000, -2147217904), None)
2026-08-28 15:00:10,579 - ERROR - BFE Connection Lost during fetch: (-2147352567, 'Exception occurred.', (0, 'Microsoft JET Database Engine', 'No value given for one or more required parameters.', None, 5000000, -2147217904), None)
2026-08-28 15:00:12,058 - ERROR - BFE Connection Lost during fetch: (-2147352567, 'Exception occurred.', (0, 'Microsoft JET Database Engine', 'No value given for one or more required parameters.', None, 5000000, -2147217904), None)
2026-08-28 15:00:13,597 - ERROR - BFE Connection Lost during fetch: (-2147352567, 'Exception occurred.', (0, 'Microsoft JET Database Engine', 'No value given for one or more required parameters.', None, 5000000, -2147217904), None)
2026-08-28 15:00:15,074 - ERROR - BFE Connection Lost during fetch: (-2147352567, 'Exception occurred.', (0, 'Microsoft JET Database Engine', 'No value given for one or more required parameters.', None, 5000000, -2147217904), None)
2026-08-28 15:00:16,661 - ERROR - BFE Connection Lost during fetch: (-2147352567, 'Exception occurred.', (0, 'Microsoft JET Database Engine', 'No value given for one or more required parameters.', None, 5000000, -2147217904), None)
2026-08-28 15:00:18,253 - ERROR - BFE Connection Lost during fetch: (-2147352567, 'Exception occurred.', (0, 'Microsoft JET Database Engine', 'No value given for one or more required parameters.', None, 5000000, -2147217904), None)
2026-08-28 15:00:19,731 - ERROR - BFE Connection Lost during fetch: (-2147352567, 'Exception occurred.', (0, 'Microsoft JET Database Engine', 'No value given for one or more required parameters.', None, 5000000, -2147217904), None)
2026-08-28 15:00:23,166 - ERROR - BFE Connection Lost during fetch: (-2147352567, 'Exception occurred.', (0, 'Microsoft JET Database Engine', 'No value given for one or more required parameters.', None, 5000000, -2147217904), None)
2026-08-28 15:00:26,795 - ERROR - BFE Connection Lost during fetch: (-2147352567, 'Exception occurred.', (0, 'Microsoft JET Database Engine', 'No value given for one or more required parameters.', None, 5000000, -2147217904), None)
2026-08-28 15:00:29,703 - ERROR - BFE Connection Lost during fetch: (-2147352567, 'Exception occurred.', (0, 'Microsoft JET Database Engine', 'No value given for one or more required parameters.', None, 5000000, -2147217904), None)
2026-08-28 15:00:31,213 - ERROR - BFE Connection Lost during fetch: (-2147352567, 'Exception occurred.', (0, 'Microsoft JET Database Engine', 'No value given for one or more required parameters.', None, 5000000, -2147217904), None)
2026-08-28 15:00:32,766 - ERROR - BFE Connection Lost during fetch: (-2147352567, 'Exception occurred.', (0, 'Microsoft JET Database Engine', 'No value given for one or more required parameters.', None, 5000000, -2147217904), None)
2026-08-28 15:00:34,084 - ERROR - BFE Connection Lost during fetch: (-2147352567, 'Exception occurred.', (0, 'Microsoft JET Database Engine', 'No value given for one or more required parameters.', None, 5000000, -2147217904), None)
2026-08-28 15:00:35,887 - ERROR - BFE Connection Lost during fetch: (-2147352567, 'Exception occurred.', (0, 'Microsoft JET Database Engine', 'No value given for one or more required parameters.', None, 5000000, -2147217904), None)
2026-08-28 15:00:37,378 - ERROR - BFE Connection Lost during fetch: (-2147352567, 'Exception occurred.', (0, 'Microsoft JET Database Engine', 'No value given for one or more required parameters.', None, 5000000, -2147217904), None)
2026-08-28 15:00:38,839 - ERROR - BFE Connection Lost during fetch: (-2147352567, 'Exception occurred.', (0, 'Microsoft JET Database Engine', 'No value given for one or more required parameters.', None, 5000000, -2147217904), None)
2026-08-28 15:00:40,283 - ERROR - BFE Connection Lost during fetch: (-2147352567, 'Exception occurred.', (0, 'Microsoft JET Database Engine', 'No value given for one or more required parameters.', None, 5000000, -2147217904), None)
2026-08-28 15:00:42,043 - ERROR - BFE Connection Lost during fetch: (-2147352567, 'Exception occurred.', (0, 'Microsoft JET Database Engine', 'No value given for one or more required parameters.', None, 5000000, -2147217904), None)
2026-08-28 15:00:44,429 - ERROR - BFE Connection Lost during fetch: (-2147352567, 'Exception occurred.', (0, 'Microsoft JET Database Engine', 'No value given for one or more required parameters.', None, 5000000, -2147217904), None)
2026-08-28 15:00:49,094 - ERROR - BFE Connection Lost during fetch: (-2147352567, 'Exception occurred.', (0, 'Microsoft JET Database Engine', 'No value given for one or more required parameters.', None, 5000000, -2147217904), None)
2026-08-28 15:00:52,418 - ERROR - BFE Connection Lost during fetch: (-2147352567, 'Exception occurred.', (0, 'Microsoft JET Database Engine', 'No value given for one or more required parameters.', None, 5000000, -2147217904), None)
2026-08-28 15:00:53,884 - ERROR - BFE Connection Lost during fetch: (-2147352567, 'Exception occurred.', (0, 'Microsoft JET Database Engine', 'No value given for one or more required parameters.', None, 5000000, -2147217904), None)
2026-08-28 15:00:55,330 - ERROR - BFE Connection Lost during fetch: (-2147352567, 'Exception occurred.', (0, 'Microsoft JET Database Engine', 'No value given for one or more required parameters.', None, 5000000, -2147217904), None)
2026-08-28 15:00:56,762 - ERROR - BFE Connection Lost during fetch: (-2147352567, 'Exception occurred.', (0, 'Microsoft JET Database Engine', 'No value given for one or more required parameters.', None, 5000000, -2147217904), None)
2026-08-28 15:00:58,238 - ERROR - BFE Connection Lost during fetch: (-2147352567, 'Exception occurred.', (0, 'Microsoft JET Database Engine', 'No value given for one or more required parameters.', None, 5000000, -2147217904), None)
2026-08-28 15:00:59,683 - ERROR - BFE Connection Lost during fetch: (-2147352567, 'Exception occurred.', (0, 'Microsoft JET Database Engine', 'No value given for one or more required parameters.', None, 5000000, -2147217904), None)
2026-08-28 15:01:01,146 - ERROR - BFE Connection Lost during fetch: (-2147352567, 'Exception occurred.', (0, 'Microsoft JET Database Engine', 'No value given for one or more required parameters.', None, 5000000, -2147217904), None)
2026-08-28 15:01:02,591 - ERROR - BFE Connection Lost during fetch: (-2147352567, 'Exception occurred.', (0, 'Microsoft JET Database Engine', 'No value given for one or more required parameters.', None, 5000000, -2147217904), None)
2026-08-28 15:01:04,103 - ERROR - BFE Connection Lost during fetch: (-2147352567, 'Exception occurred.', (0, 'Microsoft JET Database Engine', 'No value given for one or more required parameters.', None, 5000000, -2147217904), None)
2026-08-28 15:01:05,550 - ERROR - BFE Connection Lost during fetch: (-2147352567, 'Exception occurred.', (0, 'Microsoft JET Database Engine', 'No value given for one or more required parameters.', None, 5000000, -2147217904), None)
2026-08-28 15:01:06,995 - ERROR - BFE Connection Lost during fetch: (-2147352567, 'Exception occurred.', (0, 'Microsoft JET Database Engine', 'No value given for one or more required parameters.', None, 5000000, -2147217904), None)
2026-08-28 15:01:08,254 - ERROR - BFE Connection Lost during fetch: (-2147352567, 'Exception occurred.', (0, 'Microsoft JET Database Engine', 'No value given for one or more required parameters.', None, 5000000, -2147217904), None)
2026-08-28 15:01:10,513 - ERROR - BFE Connection Lost during fetch: (-2147352567, 'Exception occurred.', (0, 'Microsoft JET Database Engine', 'No value given for one or more required parameters.', None, 5000000, -2147217904), None)
2026-08-28 15:01:13,362 - ERROR - BFE Connection Lost during fetch: (-2147352567, 'Exception occurred.', (0, 'Microsoft JET Database Engine', 'No value given for one or more required parameters.', None, 5000000, -2147217904), None)
2026-08-28 15:01:18,757 - ERROR - BFE Connection Lost during fetch: (-2147352567, 'Exception occurred.', (0, 'Microsoft JET Database Engine', 'No value given for one or more required parameters.', None, 5000000, -2147217904), None)
2026-08-28 15:01:20,198 - ERROR - BFE Connection Lost during fetch: (-2147352567, 'Exception occurred.', (0, 'Microsoft JET Database Engine', 'No value given for one or more required parameters.', None, 5000000, -2147217904), None)
2026-08-28 15:01:21,630 - ERROR - BFE Connection Lost during fetch: (-2147352567, 'Exception occurred.', (0, 'Microsoft JET Database Engine', 'No value given for one or more required parameters.', None, 5000000, -2147217904), None)
2026-08-28 15:01:23,154 - ERROR - BFE Connection Lost during fetch: (-2147352567, 'Exception occurred.', (0, 'Microsoft JET Database Engine', 'No value given for one or more required parameters.', None, 5000000, -2147217904), None)
2026-08-28 15:01:24,601 - ERROR - BFE Connection Lost during fetch: (-2147352567, 'Exception occurred.', (0, 'Microsoft JET Database Engine', 'No value given for one or more required parameters.', None, 5000000, -2147217904), None)
2026-08-28 15:01:26,064 - ERROR - BFE Connection Lost during fetch: (-2147352567, 'Exception occurred.', (0, 'Microsoft JET Database Engine', 'No value given for one or more required parameters.', None, 5000000, -2147217904), None)
2026-08-28 15:01:27,555 - ERROR - BFE Connection Lost during fetch: (-2147352567, 'Exception occurred.', (0, 'Microsoft JET Database Engine', 'No value given for one or more required parameters.', None, 5000000, -2147217904), None)
2026-08-28 15:01:29,224 - ERROR - BFE Connection Lost during fetch: (-2147352567, 'Exception occurred.', (0, 'Microsoft JET Database Engine', 'No value given for one or more required parameters.', None, 5000000, -2147217904), None)
2026-08-28 15:01:30,755 - ERROR - BFE Connection Lost during fetch: (-2147352567, 'Exception occurred.', (0, 'Microsoft JET Database Engine', 'No value given for one or more required parameters.', None, 5000000, -2147217904), None)
2026-08-28 15:01:34,442 - ERROR - BFE Connection Lost during fetch: (-2147352567, 'Exception occurred.', (0, 'Microsoft JET Database Engine', 'No value given for one or more required parameters.', None, 5000000, -2147217904), None)
2026-08-28 15:01:39,661 - ERROR - BFE Connection Lost during fetch: (-2147352567, 'Exception occurred.', (0, 'Microsoft JET Database Engine', 'No value given for one or more required parameters.', None, 5000000, -2147217904), None)
2026-08-28 15:01:41,297 - ERROR - BFE Connection Lost during fetch: (-2147352567, 'Exception occurred.', (0, 'Microsoft JET Database Engine', 'No value given for one or more required parameters.', None, 5000000, -2147217904), None)
2026-08-28 15:01:43,015 - ERROR - BFE Connection Lost during fetch: (-2147352567, 'Exception occurred.', (0, 'Microsoft JET Database Engine', 'No value given for one or more required parameters.', None, 5000000, -2147217904), None)
2026-08-28 15:01:44,503 - ERROR - BFE Connection Lost during fetch: (-2147352567, 'Exception occurred.', (0, 'Microsoft JET Database Engine', 'No value given for one or more required parameters.', None, 5000000, -2147217904), None)
2026-08-28 15:01:45,974 - ERROR - BFE Connection Lost during fetch: (-2147352567, 'Exception occurred.', (0, 'Microsoft JET Database Engine', 'No value given for one or more required parameters.', None, 5000000, -2147217904), None)
2026-08-28 15:01:47,434 - ERROR - BFE Connection Lost during fetch: (-2147352567, 'Exception occurred.', (0, 'Microsoft JET Database Engine', 'No value given for one or more required parameters.', None, 5000000, -2147217904), None)
2026-08-28 15:01:48,768 - ERROR - BFE Connection Lost during fetch: (-2147352567, 'Exception occurred.', (0, 'Microsoft JET Database Engine', 'No value given for one or more required parameters.', None, 5000000, -2147217904), None)
2026-08-28 15:01:50,385 - ERROR - BFE Connection Lost during fetch: (-2147352567, 'Exception occurred.', (0, 'Microsoft JET Database Engine', 'No value given for one or more required parameters.', None, 5000000, -2147217904), None)
2026-08-28 15:01:51,863 - ERROR - BFE Connection Lost during fetch: (-2147352567, 'Exception occurred.', (0, 'Microsoft JET Database Engine', 'No value given for one or more required parameters.', None, 5000000, -2147217904), None)
2026-08-28 15:01:53,158 - ERROR - BFE Connection Lost during fetch: (-2147352567, 'Exception occurred.', (0, 'Microsoft JET Database Engine', 'No value given for one or more required parameters.', None, 5000000, -2147217904), None)
2026-08-28 15:01:54,884 - ERROR - BFE Connection Lost during fetch: (-2147352567, 'Exception occurred.', (0, 'Microsoft JET Database Engine', 'No value given for one or more required parameters.', None, 5000000, -2147217904), None)
2026-08-28 15:01:56,475 - ERROR - BFE Connection Lost during fetch: (-2147352567, 'Exception occurred.', (0, 'Microsoft JET Database Engine', 'No value given for one or more required parameters.', None, 5000000, -2147217904), None)
2026-08-28 15:01:58,140 - ERROR - BFE Connection Lost during fetch: (-2147352567, 'Exception occurred.', (0, 'Microsoft JET Database Engine', 'No value given for one or more required parameters.', None, 5000000, -2147217904), None)
2026-08-28 15:01:59,679 - ERROR - BFE Connection Lost during fetch: (-2147352567, 'Exception occurred.', (0, 'Microsoft JET Database Engine', 'No value given for one or more required parameters.', None, 5000000, -2147217904), None)
2026-08-28 15:02:01,164 - ERROR - BFE Connection Lost during fetch: (-2147352567, 'Exception occurred.', (0, 'Microsoft JET Database Engine', 'No value given for one or more required parameters.', None, 5000000, -2147217904), None)
2026-08-28 15:02:02,652 - ERROR - BFE Connection Lost during fetch: (-2147352567, 'Exception occurred.', (0, 'Microsoft JET Database Engine', 'No value given for one or more required parameters.', None, 5000000, -2147217904), None)
2026-08-28 15:02:04,277 - ERROR - BFE Connection Lost during fetch: (-2147352567, 'Exception occurred.', (0, 'Microsoft JET Database Engine', 'No value given for one or more required parameters.', None, 5000000, -2147217904), None)
2026-08-28 15:02:05,784 - ERROR - BFE Connection Lost during fetch: (-2147352567, 'Exception occurred.', (0, 'Microsoft JET Database Engine', 'No value given for one or more required parameters.', None, 5000000, -2147217904), None)
2026-08-28 15:02:07,257 - ERROR - BFE Connection Lost during fetch: (-2147352567, 'Exception occurred.', (0, 'Microsoft JET Database Engine', 'No value given for one or more required parameters.', None, 5000000, -2147217904), None)
2026-08-28 15:02:08,719 - ERROR - BFE Connection Lost during fetch: (-2147352567, 'Exception occurred.', (0, 'Microsoft JET Database Engine', 'No value given for one or more required parameters.', None, 5000000, -2147217904), None)
2026-08-28 15:02:10,530 - ERROR - BFE Connection Lost during fetch: (-2147352567, 'Exception occurred.', (0, 'Microsoft JET Database Engine', 'No value given for one or more required parameters.', None, 5000000, -2147217904), None)
2026-08-28 15:02:13,990 - ERROR - BFE Connection Lost during fetch: (-2147352567, 'Exception occurred.', (0, 'Microsoft JET Database Engine', 'No value given for one or more required parameters.', None, 5000000, -2147217904), None)
2026-08-28 15:02:17,667 - ERROR - BFE Connection Lost during fetch: (-2147352567, 'Exception occurred.', (0, 'Microsoft JET Database Engine', 'No value given for one or more required parameters.', None, 5000000, -2147217904), None)
2026-08-28 15:02:19,280 - ERROR - BFE Connection Lost during fetch: (-2147352567, 'Exception occurred.', (0, 'Microsoft JET Database Engine', 'No value given for one or more required parameters.', None, 5000000, -2147217904), None)
2026-08-28 15:02:20,770 - ERROR - BFE Connection Lost during fetch: (-2147352567, 'Exception occurred.', (0, 'Microsoft JET Database Engine', 'No value given for one or more required parameters.', None, 5000000, -2147217904), None)
2026-08-28 15:02:22,261 - ERROR - BFE Connection Lost during fetch: (-2147352567, 'Exception occurred.', (0, 'Microsoft JET Database Engine', 'No value given for one or more required parameters.', None, 5000000, -2147217904), None)
2026-08-28 15:02:23,780 - ERROR - BFE Connection Lost during fetch: (-2147352567, 'Exception occurred.', (0, 'Microsoft JET Database Engine', 'No value given for one or more required parameters.', None, 5000000, -2147217904), None)
2026-08-28 15:02:25,843 - ERROR - BFE Connection Lost during fetch: (-2147352567, 'Exception occurred.', (0, 'Microsoft JET Database Engine', 'No value given for one or more required parameters.', None, 5000000, -2147217904), None)
2026-08-28 15:02:29,284 - ERROR - BFE Connection Lost during fetch: (-2147352567, 'Exception occurred.', (0, 'Microsoft JET Database Engine', 'No value given for one or more required parameters.', None, 5000000, -2147217904), None)
2026-08-28 15:02:33,476 - ERROR - BFE Connection Lost during fetch: (-2147352567, 'Exception occurred.', (0, 'Microsoft JET Database Engine', 'No value given for one or more required parameters.', None, 5000000, -2147217904), None)
2026-08-28 15:02:35,134 - ERROR - BFE Connection Lost during fetch: (-2147352567, 'Exception occurred.', (0, 'Microsoft JET Database Engine', 'No value given for one or more required parameters.', None, 5000000, -2147217904), None)
2026-08-28 15:02:36,803 - ERROR - BFE Connection Lost during fetch: (-2147352567, 'Exception occurred.', (0, 'Microsoft JET Database Engine', 'No value given for one or more required parameters.', None, 5000000, -2147217904), None)
2026-08-28 15:02:38,538 - ERROR - BFE Connection Lost during fetch: (-2147352567, 'Exception occurred.', (0, 'Microsoft JET Database Engine', 'No value given for one or more required parameters.', None, 5000000, -2147217904), None)
2026-08-28 15:02:40,185 - ERROR - BFE Connection Lost during fetch: (-2147352567, 'Exception occurred.', (0, 'Microsoft JET Database Engine', 'No value given for one or more required parameters.', None, 5000000, -2147217904), None)
2026-08-28 15:02:41,883 - ERROR - BFE Connection Lost during fetch: (-2147352567, 'Exception occurred.', (0, 'Microsoft JET Database Engine', 'No value given for one or more required parameters.', None, 5000000, -2147217904), None)
2026-08-28 15:02:43,424 - ERROR - BFE Connection Lost during fetch: (-2147352567, 'Exception occurred.', (0, 'Microsoft JET Database Engine', 'No value given for one or more required parameters.', None, 5000000, -2147217904), None)
2026-08-28 15:02:44,933 - ERROR - BFE Connection Lost during fetch: (-2147352567, 'Exception occurred.', (0, 'Microsoft JET Database Engine', 'No value given for one or more required parameters.', None, 5000000, -2147217904), None)
2026-08-28 15:02:46,857 - ERROR - BFE Connection Lost during fetch: (-2147352567, 'Exception occurred.', (0, 'Microsoft JET Database Engine', 'No value given for one or more required parameters.', None, 5000000, -2147217904), None)
2026-08-28 15:02:49,639 - ERROR - BFE Connection Lost during fetch: (-2147352567, 'Exception occurred.', (0, 'Microsoft JET Database Engine', 'No value given for one or more required parameters.', None, 5000000, -2147217904), None)
2026-08-28 15:02:54,160 - ERROR - BFE Connection Lost during fetch: (-2147352567, 'Exception occurred.', (0, 'Microsoft JET Database Engine', 'No value given for one or more required parameters.', None, 5000000, -2147217904), None)
2026-08-28 15:02:55,697 - ERROR - BFE Connection Lost during fetch: (-2147352567, 'Exception occurred.', (0, 'Microsoft JET Database Engine', 'No value given for one or more required parameters.', None, 5000000, -2147217904), None)
2026-08-28 15:02:57,160 - ERROR - BFE Connection Lost during fetch: (-2147352567, 'Exception occurred.', (0, 'Microsoft JET Database Engine', 'No value given for one or more required parameters.', None, 5000000, -2147217904), None)
2026-08-28 15:02:58,662 - ERROR - BFE Connection Lost during fetch: (-2147352567, 'Exception occurred.', (0, 'Microsoft JET Database Engine', 'No value given for one or more required parameters.', None, 5000000, -2147217904), None)
2026-08-28 15:03:00,143 - ERROR - BFE Connection Lost during fetch: (-2147352567, 'Exception occurred.', (0, 'Microsoft JET Database Engine', 'No value given for one or more required parameters.', None, 5000000, -2147217904), None)
2026-08-28 15:03:01,766 - ERROR - BFE Connection Lost during fetch: (-2147352567, 'Exception occurred.', (0, 'Microsoft JET Database Engine', 'No value given for one or more required parameters.', None, 5000000, -2147217904), None)
2026-08-28 15:03:03,247 - ERROR - BFE Connection Lost during fetch: (-2147352567, 'Exception occurred.', (0, 'Microsoft JET Database Engine', 'No value given for one or more required parameters.', None, 5000000, -2147217904), None)
2026-08-28 15:03:04,764 - ERROR - BFE Connection Lost during fetch: (-2147352567, 'Exception occurred.', (0, 'Microsoft JET Database Engine', 'No value given for one or more required parameters.', None, 5000000, -2147217904), None)
2026-08-28 15:03:06,300 - ERROR - BFE Connection Lost during fetch: (-2147352567, 'Exception occurred.', (0, 'Microsoft JET Database Engine', 'No value given for one or more required parameters.', None, 5000000, -2147217904), None)
2026-08-28 15:03:08,197 - ERROR - BFE Connection Lost during fetch: (-2147352567, 'Exception occurred.', (0, 'Microsoft JET Database Engine', 'No value given for one or more required parameters.', None, 5000000, -2147217904), None)
2026-08-28 15:03:12,979 - ERROR - BFE Connection Lost during fetch: (-2147352567, 'Exception occurred.', (0, 'Microsoft JET Database Engine', 'No value given for one or more required parameters.', None, 5000000, -2147217904), None)
2026-08-28 15:03:15,865 - ERROR - BFE Connection Lost during fetch: (-2147352567, 'Exception occurred.', (0, 'Microsoft JET Database Engine', 'No value given for one or more required parameters.', None, 5000000, -2147217904), None)
2026-08-28 15:03:17,326 - ERROR - BFE Connection Lost during fetch: (-2147352567, 'Exception occurred.', (0, 'Microsoft JET Database Engine', 'No value given for one or more required parameters.', None, 5000000, -2147217904), None)
2026-08-28 15:03:18,783 - ERROR - BFE Connection Lost during fetch: (-2147352567, 'Exception occurred.', (0, 'Microsoft JET Database Engine', 'No value given for one or more required parameters.', None, 5000000, -2147217904), None)
2026-08-28 15:03:20,241 - ERROR - BFE Connection Lost during fetch: (-2147352567, 'Exception occurred.', (0, 'Microsoft JET Database Engine', 'No value given for one or more required parameters.', None, 5000000, -2147217904), None)
2026-08-28 15:03:21,686 - ERROR - BFE Connection Lost during fetch: (-2147352567, 'Exception occurred.', (0, 'Microsoft JET Database Engine', 'No value given for one or more required parameters.', None, 5000000, -2147217904), None)
2026-08-28 15:03:23,229 - ERROR - BFE Connection Lost during fetch: (-2147352567, 'Exception occurred.', (0, 'Microsoft JET Database Engine', 'No value given for one or more required parameters.', None, 5000000, -2147217904), None)
2026-08-28 15:03:24,769 - ERROR - BFE Connection Lost during fetch: (-2147352567, 'Exception occurred.', (0, 'Microsoft JET Database Engine', 'No value given for one or more required parameters.', None, 5000000, -2147217904), None)
2026-08-28 15:03:26,235 - ERROR - BFE Connection Lost during fetch: (-2147352567, 'Exception occurred.', (0, 'Microsoft JET Database Engine', 'No value given for one or more required parameters.', None, 5000000, -2147217904), None)
2026-08-28 15:03:26,973 - INFO - Application shutting down by user...
2026-08-28 15:03:52,029 - INFO - Starting Voucher Approval Utility...
2026-08-28 15:05:26,378 - INFO - Application shutting down by user...
2026-08-28 15:05:29,277 - INFO - Starting Voucher Approval Utility...
2026-08-28 15:05:41,394 - INFO - Approved voucher GM4394 (5721) for 1175.0
2026-08-28 15:14:00,097 - INFO - Application shutting down by user...
